error: Expression returns `()` and results in an empty bundle being inserted
  --> tests/ui/unit_component_insertion/main.rs:15:64
   |
15 |         Transform::from_translation(Vec3::new(0.75, 0.0, 0.0)).rotate_z(PI / 4.0),
   |                                                                ^^^^^^^^
   |
note: the lint level is defined here
  --> tests/ui/unit_component_insertion/main.rs:3:9
   |
3  | #![deny(bevy::unit_component_insertion)]
   |         ^^^^^^^^^^^^^^^^^^^^^^^^^^^^^^

error: aborting due to 1 previous error

